[
  {
    "event_id": "1",
    "source": "gdelt_events",
    "source_id": "1",
    "ts": "2024-01-01",
    "event_type": "Protest",
    "country": "US",
    "lat": 10.0,
    "lon": 20.0,
    "actor1": "Protesters",
    "actor2": "Government",
    "actor_roles": ["CVL", "GOV"],
    "goldstein": 1.0,
    "people_impacted": null,
    "importance": 1.6094379124341003,
    "url": null,
    "raw": {
      "source": "gdelt_events",
      "GLOBALEVENTID": "1",
      "DATEADDED": "20240101",
      "EventType": "Protest",
      "ActionGeo_CountryCode": "US",
      "ActionGeo_Lat": 10.0,
      "ActionGeo_Long": 20.0,
      "Actor1Name": "Protesters",
      "Actor2Name": "Government",
      "Actor1Type1Code": "CVL",
      "Actor2Type1Code": "GOV",
      "GoldsteinScale": 1.0,
      "NumMentions": 2,
      "NumSources": 1,
      "NumArticles": 1
    }
  },
  {
    "mention_id": "3560f4d3cdb576e61d20f9fa14062b0a",
    "source": "gdelt_mentions",
    "source_id": "3560f4d3cdb576e61d20f9fa14062b0a",
    "event_source_id": "1",
    "url": "http://example.com",
    "published_at": "2024-01-01",
    "language": "en",
    "source_country": "US",
    "snippet": "snippet",
    "raw": {
      "source": "gdelt_mentions",
      "GLOBALEVENTID": "1",
      "MentionIdentifier": "abc",
      "MentionURL": "http://example.com",
      "MentionTimeDate": "20240101",
      "MentionDocLanguage": "en",
      "MentionDocCountryCode": "US",
      "MentionText": "snippet"
    }
  },
  {
    "event_id": "reliefweb:rw1",
    "source": "reliefweb",
    "source_id": "rw1",
    "ts": "2024-01-03",
    "event_type": "earthquake",
    "country": "US",
    "lat": 30.0,
    "lon": 40.0,
    "actor1": null,
    "actor2": null,
    "actor_roles": null,
    "goldstein": null,
    "people_impacted": 100,
    "importance": 4.61512051684126,
    "url": "http://reliefweb.int/1",
    "raw": {
      "source": "reliefweb",
      "id": "rw1",
      "date": "2024-01-03",
      "type": "earthquake",
      "country": "US",
      "lat": 30.0,
      "lon": 40.0,
      "people_impacted": 100,
      "url": "http://reliefweb.int/1"
    }
  }
]
